karaoke-app/src/main/kotlin/com/svoemesto/karaokeapp/AlbumCoverFinder.kt:24
karaoke-app/src/main/kotlin/com/svoemesto/karaokeapp/AlbumCoverFinder.kt:255
karaoke-app/src/main/kotlin/com/svoemesto/karaokeapp/Constants.kt:22
karaoke-app/src/main/kotlin/com/svoemesto/karaokeapp/Constants.kt:23
karaoke-app/src/main/kotlin/com/svoemesto/karaokeapp/controllers/ApiController.kt:2749
karaoke-app/src/main/kotlin/com/svoemesto/karaokeapp/controllers/ApiController.kt:2751
karaoke-app/src/main/kotlin/com/svoemesto/karaokeapp/controllers/ApiController.kt:6770
karaoke-app/src/main/kotlin/com/svoemesto/karaokeapp/controllers/ApiController.kt:6772
karaoke-app/src/main/kotlin/com/svoemesto/karaokeapp/controllers/ApiController.kt:6823
karaoke-app/src/main/kotlin/com/svoemesto/karaokeapp/controllers/ApiController.kt:6825
karaoke-app/src/main/kotlin/com/svoemesto/karaokeapp/controllers/ApiController.kt:7618
karaoke-app/src/main/kotlin/com/svoemesto/karaokeapp/controllers/ApiController.kt:7620
karaoke-app/src/main/kotlin/com/svoemesto/karaokeapp/controllers/ApiController.kt:7661
karaoke-app/src/main/kotlin/com/svoemesto/karaokeapp/controllers/ApiController.kt:7663
karaoke-app/src/main/kotlin/com/svoemesto/karaokeapp/controllers/ApiController.kt:7666
karaoke-app/src/main/kotlin/com/svoemesto/karaokeapp/controllers/ApiController.kt:7668
karaoke-app/src/main/kotlin/com/svoemesto/karaokeapp/controllers/ApiController.kt:7670
karaoke-app/src/main/kotlin/com/svoemesto/karaokeapp/controllers/ApiController.kt:7672
karaoke-app/src/main/kotlin/com/svoemesto/karaokeapp/controllers/SongEditorController.kt:1064
karaoke-app/src/main/kotlin/com/svoemesto/karaokeapp/controllers/StorageController.kt:141
karaoke-app/src/main/kotlin/com/svoemesto/karaokeapp/KaraokeFileType.kt:253
karaoke-app/src/main/kotlin/com/svoemesto/karaokeapp/KaraokeFileType.kt:262
karaoke-app/src/main/kotlin/com/svoemesto/karaokeapp/KaraokeProcess.kt:1183
karaoke-app/src/main/kotlin/com/svoemesto/karaokeapp/KaraokeProcess.kt:1186
karaoke-app/src/main/kotlin/com/svoemesto/karaokeapp/KaraokeProcess.kt:1193
karaoke-app/src/main/kotlin/com/svoemesto/karaokeapp/KaraokeProcess.kt:1196
karaoke-app/src/main/kotlin/com/svoemesto/karaokeapp/KaraokeProcess.kt:1332
karaoke-app/src/main/kotlin/com/svoemesto/karaokeapp/KaraokeProcess.kt:1335
karaoke-app/src/main/kotlin/com/svoemesto/karaokeapp/KaraokeProcess.kt:1342
karaoke-app/src/main/kotlin/com/svoemesto/karaokeapp/KaraokeProcess.kt:1345
karaoke-app/src/main/kotlin/com/svoemesto/karaokeapp/KaraokeProcess.kt:1650
karaoke-app/src/main/kotlin/com/svoemesto/karaokeapp/KaraokeProcess.kt:1653
karaoke-app/src/main/kotlin/com/svoemesto/karaokeapp/KaraokeProcess.kt:1660
karaoke-app/src/main/kotlin/com/svoemesto/karaokeapp/KaraokeProcess.kt:1663
karaoke-app/src/main/kotlin/com/svoemesto/karaokeapp/KaraokeProcess.kt:1875
karaoke-app/src/main/kotlin/com/svoemesto/karaokeapp/KaraokeProcess.kt:1885
karaoke-app/src/main/kotlin/com/svoemesto/karaokeapp/KaraokeProcessWorker.kt:499
karaoke-app/src/main/kotlin/com/svoemesto/karaokeapp/KaraokeProcessWorker.kt:503
karaoke-app/src/main/kotlin/com/svoemesto/karaokeapp/KaraokeProcessWorker.kt:504
karaoke-app/src/main/kotlin/com/svoemesto/karaokeapp/KaraokeProperties.kt:1868
karaoke-app/src/main/kotlin/com/svoemesto/karaokeapp/KaraokeProperties.kt:1874
karaoke-app/src/main/kotlin/com/svoemesto/karaokeapp/KaraokeProperties.kt:1890
karaoke-app/src/main/kotlin/com/svoemesto/karaokeapp/KaraokeProperties.kt:1896
karaoke-app/src/main/kotlin/com/svoemesto/karaokeapp/KaraokeProperties.kt:2057
karaoke-app/src/main/kotlin/com/svoemesto/karaokeapp/KaraokeProperties.kt:220
karaoke-app/src/main/kotlin/com/svoemesto/karaokeapp/llm/Tools.kt:234
karaoke-app/src/main/kotlin/com/svoemesto/karaokeapp/llm/Tools.kt:248
karaoke-app/src/main/kotlin/com/svoemesto/karaokeapp/mlt/Consumer.kt:12
karaoke-app/src/main/kotlin/com/svoemesto/karaokeapp/mlt/mko/MkoMainBin.kt:199
karaoke-app/src/main/kotlin/com/svoemesto/karaokeapp/model/Song.kt:2263
karaoke-app/src/main/kotlin/com/svoemesto/karaokeapp/model/Song.kt:2294
karaoke-app/src/main/kotlin/com/svoemesto/karaokeapp/model/Song.kt:504
karaoke-app/src/main/kotlin/com/svoemesto/karaokeapp/model/Song.kt:505
karaoke-app/src/main/kotlin/com/svoemesto/karaokeapp/model/Song.kt:506
karaoke-app/src/main/kotlin/com/svoemesto/karaokeapp/model/Song.kt:508
karaoke-app/src/main/kotlin/com/svoemesto/karaokeapp/model/Song.kt:509
karaoke-app/src/main/kotlin/com/svoemesto/karaokeapp/model/Song.kt:511
karaoke-app/src/main/kotlin/com/svoemesto/karaokeapp/model/Song.kt:512
karaoke-app/src/main/kotlin/com/svoemesto/karaokeapp/model/Song.kt:513
karaoke-app/src/main/kotlin/com/svoemesto/karaokeapp/model/Song.kt:515
karaoke-app/src/main/kotlin/com/svoemesto/karaokeapp/model/Song.kt:516
karaoke-app/src/main/kotlin/com/svoemesto/karaokeapp/model/Song.kt:518
karaoke-app/src/main/kotlin/com/svoemesto/karaokeapp/model/Song.kt:519
karaoke-app/src/main/kotlin/com/svoemesto/karaokeapp/model/Song.kt:520
karaoke-app/src/main/kotlin/com/svoemesto/karaokeapp/model/Song.kt:523
karaoke-app/src/main/kotlin/com/svoemesto/karaokeapp/model/Song.kt:524
karaoke-app/src/main/kotlin/com/svoemesto/karaokeapp/model/Song.kt:525
karaoke-app/src/main/kotlin/com/svoemesto/karaokeapp/model/Song.kt:550
karaoke-app/src/main/kotlin/com/svoemesto/karaokeapp/model/Song.kt:551
karaoke-app/src/main/kotlin/com/svoemesto/karaokeapp/model/Song.kt:552
karaoke-app/src/main/kotlin/com/svoemesto/karaokeapp/model/Song.kt:553
karaoke-app/src/main/kotlin/com/svoemesto/karaokeapp/model/Song.kt:554
karaoke-app/src/main/kotlin/com/svoemesto/karaokeapp/model/Song.kt:555
karaoke-app/src/main/kotlin/com/svoemesto/karaokeapp/model/Song.kt:557
karaoke-app/src/main/kotlin/com/svoemesto/karaokeapp/model/Song.kt:558
karaoke-app/src/main/kotlin/com/svoemesto/karaokeapp/model/Song.kt:5796
karaoke-app/src/main/kotlin/com/svoemesto/karaokeapp/model/Song.kt:5827
karaoke-app/src/main/kotlin/com/svoemesto/karaokeapp/model/SongOutputFile.kt:14
karaoke-app/src/main/kotlin/com/svoemesto/karaokeapp/model/StemJob.kt:39
karaoke-app/src/main/kotlin/com/svoemesto/karaokeapp/services/PlayerMp4MuxService.kt:10
karaoke-app/src/main/kotlin/com/svoemesto/karaokeapp/services/PlayerMp4MuxService.kt:12
karaoke-app/src/main/kotlin/com/svoemesto/karaokeapp/services/PlayerMp4MuxService.kt:89
karaoke-app/src/main/kotlin/com/svoemesto/karaokeapp/services/PlayerMp4RenderService.kt:165
karaoke-app/src/main/kotlin/com/svoemesto/karaokeapp/services/PlayerMp4RenderService.kt:59
karaoke-app/src/main/kotlin/com/svoemesto/karaokeapp/services/PlayerMp4RenderService.kt:60
karaoke-app/src/main/kotlin/com/svoemesto/karaokeapp/services/PlayerMp4RenderService.kt:74
karaoke-app/src/main/kotlin/com/svoemesto/karaokeapp/services/TelegramApiClient.kt:208
karaoke-app/src/main/kotlin/com/svoemesto/karaokeapp/services/TelegramApiClient.kt:219
karaoke-app/src/main/kotlin/com/svoemesto/karaokeapp/services/TelegramApiClient.kt:347
karaoke-app/src/main/kotlin/com/svoemesto/karaokeapp/services/TelegramAutoPublishService.kt:113
karaoke-app/src/main/kotlin/com/svoemesto/karaokeapp/services/TelegramAutoPublishState.kt:23
karaoke-app/src/main/kotlin/com/svoemesto/karaokeapp/services/TelegramAutoPublishState.kt:26
karaoke-app/src/main/kotlin/com/svoemesto/karaokeapp/services/TelegramTemplateService.kt:10
karaoke-app/src/main/kotlin/com/svoemesto/karaokeapp/services/VkApiClient.kt:251
karaoke-app/src/main/kotlin/com/svoemesto/karaokeapp/services/VkApiClient.kt:577
karaoke-app/src/main/kotlin/com/svoemesto/karaokeapp/services/VkApiClient.kt:722
karaoke-app/src/main/kotlin/com/svoemesto/karaokeapp/services/VkAutoPublishService.kt:117
karaoke-app/src/main/kotlin/com/svoemesto/karaokeapp/services/VkAutoPublishService.kt:125
karaoke-app/src/main/kotlin/com/svoemesto/karaokeapp/services/VkAutoPublishService.kt:257
karaoke-app/src/main/kotlin/com/svoemesto/karaokeapp/services/VkAutoPublishService.kt:30
karaoke-app/src/main/kotlin/com/svoemesto/karaokeapp/services/VkAutoPublishService.kt:70
karaoke-app/src/main/kotlin/com/svoemesto/karaokeapp/services/VkAutoPublishState.kt:28
karaoke-app/src/main/kotlin/com/svoemesto/karaokeapp/services/VkAutoPublishState.kt:31
karaoke-app/src/main/kotlin/com/svoemesto/karaokeapp/services/VkTemplateService.kt:204
karaoke-app/src/main/kotlin/com/svoemesto/karaokeapp/services/VkTemplateService.kt:33
karaoke-app/src/main/kotlin/com/svoemesto/karaokeapp/services/VkTemplateService.kt:83
karaoke-app/src/main/kotlin/com/svoemesto/karaokeapp/Utils.kt:2009
karaoke-app/src/main/kotlin/com/svoemesto/karaokeapp/Utils.kt:2019
karaoke-app/src/main/kotlin/com/svoemesto/karaokeapp/Utils.kt:4416
karaoke-app/src/main/kotlin/com/svoemesto/karaokeapp/Utils.kt:4434
karaoke-app/src/main/kotlin/com/svoemesto/karaokeapp/Utils.kt:4444
karaoke-app/src/test/kotlin/com/svoemesto/karaokeapp/SanitizePathTest.kt:197
karaoke-public/src/components/SongSubscriptionModal.vue:30
karaoke-public/src/player/KaraokePlayer.js:120
karaoke-public/src/player/KaraokePlayer.js:122
karaoke-public/src/player/KaraokePlayer.js:1333
karaoke-public/src/player/KaraokePlayer.js:1381
karaoke-public/src/player/KaraokePlayer.js:2612
karaoke-public/src/player/KaraokePlayer.js:2614
karaoke-public/src/player/KaraokePlayer.js:2615
karaoke-public/src/player/KaraokePlayer.js:2807
karaoke-public/src/player/KaraokePlayer.js:2808
karaoke-public/src/player/KaraokePlayer.js:2811
karaoke-public/src/player/KaraokePlayer.js:2821
karaoke-public/src/player/KaraokePlayer.js:2831
karaoke-public/src/player/KaraokePlayer.js:797
karaoke-public/src/views/CartView.vue:51
karaoke-public/src/views/OfertaView.vue:52
karaoke-public/src/views/PlayerView.vue:28
karaoke-public/src/views/PlayerView.vue:39
karaoke-public/src/views/PremiumView.vue:118
karaoke-public/src/views/SongView.vue:364
karaoke-web/src/main/kotlin/com/svoemesto/karaokeweb/controllers/PublicOgSongController.kt:22
karaoke-web/src/main/kotlin/com/svoemesto/karaokeweb/controllers/PublicStemJobController.kt:34
webvue3/src/components/Songs/edit/SongEdit.vue:4304
webvue3/src/components/Songs/edit/SongEdit.vue:4364
webvue3/src/player/KaraokePlayer.js:133
webvue3/src/player/KaraokePlayer.js:1519
webvue3/src/player/KaraokePlayer.js:194
webvue3/src/player/KaraokePlayer.js:216
webvue3/src/player/KaraokePlayer.js:2656
webvue3/src/player/KaraokePlayer.js:2670
webvue3/src/player/KaraokePlayer.js:2674
webvue3/src/player/KaraokePlayer.js:2950
webvue3/src/player/KaraokePlayer.js:2951
webvue3/src/player/KaraokePlayer.js:2954
webvue3/src/player/KaraokePlayer.js:2964
webvue3/src/player/KaraokePlayer.js:2974
webvue3/src/player/KaraokePlayer.js:3108
webvue3/src/player/KaraokePlayer.js:3167
webvue3/src/player/KaraokePlayer.js:919
webvue3/src/views/PlayerView.vue:21
webvue3/src/views/PlayerView.vue:29
webvue3/src/views/PlayerView.vue:30
webvue3/src/views/PlayerView.vue:32
webvue3/src/views/PlayerView.vue:51
